// Jest Snapshot v1, https://goo.gl/fbAQLP

exports[`Home component renders the UI as expected 1`] = `
<div
  className="title"
>
  <h1>
    Welcome to T-400
  </h1>
  <h2>
    where we are going to test your limits and endurance.
  </h2>
  <div
    className="content"
  >
    <p>
      JK, this is just a game
    </p>
    <p>
      if you get all 10 questions correct though, you will be called 'Terminator'... of this trivia game :)
    </p>
    <p>
      Ready to start?
    </p>
  </div>
  <button
    onClick={[Function]}
    type="submit"
  >
    Yes
  </button>
  <button
    onClick={[Function]}
    type="submit"
  >
    Absolutely Yes!
  </button>
</div>
`;
